[    2286ms] [INFO] %cDownload the React DevTools for a better development experience: https://reactjs.org/link/react-devtools font-weight:bold @ webpack-internal:///(app-pages-browser)/./node_modules/.pnpm/next@14.2.35_@babel+core@7.28.5_@playwright+test@1.58.2_react-dom@18.2.0_react@18.2.0__react@18.2.0/node_modules/next/dist/compiled/react-dom/cjs/react-dom.development.js:38559
[  122321ms] ChunkLoadError: Loading chunk app/layout failed.
(timeout: http://localhost:3000/_next/static/chunks/app/layout.js)
    at __webpack_require__.f.j (http://localhost:3000/_next/static/chunks/webpack.js?v=1784909584995:852:29)
    at http://localhost:3000/_next/static/chunks/webpack.js?v=1784909584995:155:40
    at Array.reduce (<anonymous>)
    at __webpack_require__.e (http://localhost:3000/_next/static/chunks/webpack.js?v=1784909584995:154:67)
    at fn.e (http://localhost:3000/_next/static/chunks/webpack.js?v=1784909584995:391:50)
    at loadChunk (webpack-internal:///(app-pages-browser)/./node_modules/.pnpm/next@14.2.35_@babel+core@7.28.5_@playwright+test@1.58.2_react-dom@18.2.0_react@18.2.0__react@18.2.0/node_modules/next/dist/compiled/react-server-dom-webpack/cjs/react-server-dom-webpack-client.browser.development.js:251:30)
    at preloadModule (webpack-internal:///(app-pages-browser)/./node_modules/.pnpm/next@14.2.35_@babel+core@7.28.5_@playwright+test@1.58.2_react-dom@18.2.0_react@18.2.0__react@18.2.0/node_modules/next/dist/compiled/react-server-dom-webpack/cjs/react-server-dom-webpack-client.browser.development.js:173:22)
    at resolveModule (webpack-internal:///(app-pages-browser)/./node_modules/.pnpm/next@14.2.35_@babel+core@7.28.5_@playwright+test@1.58.2_react-dom@18.2.0_react@18.2.0__react@18.2.0/node_modules/next/dist/compiled/react-server-dom-webpack/cjs/react-server-dom-webpack-client.browser.development.js:1819:17)
    at processFullRow (webpack-internal:///(app-pages-browser)/./node_modules/.pnpm/next@14.2.35_@babel+core@7.28.5_@playwright+test@1.58.2_react-dom@18.2.0_react@18.2.0__react@18.2.0/node_modules/next/dist/compiled/react-server-dom-webpack/cjs/react-server-dom-webpack-client.browser.development.js:1908:9)
    at processBinaryChunk (webpack-internal:///(app-pages-browser)/./node_modules/.pnpm/next@14.2.35_@babel+core@7.28.5_@playwright+test@1.58.2_react-dom@18.2.0_react@18.2.0__react@18.2.0/node_modules/next/dist/compiled/react-server-dom-webpack/cjs/react-server-dom-webpack-client.browser.development.js:2078:7)
[  122324ms] [ERROR] Warning: An error occurred during hydration. The server HTML was replaced with client content in <%s>. #document @ webpack-internal:///(app-pages-browser)/./node_modules/.pnpm/next@14.2.35_@babel+core@7.28.5_@playwright+test@1.58.2_react-dom@18.2.0_react@18.2.0__react@18.2.0/node_modules/next/dist/client/app-index.js:32
[  122325ms] ChunkLoadError: Loading chunk app/layout failed.
(timeout: http://localhost:3000/_next/static/chunks/app/layout.js)
    at __webpack_require__.f.j (http://localhost:3000/_next/static/chunks/webpack.js?v=1784909584995:852:29)
    at http://localhost:3000/_next/static/chunks/webpack.js?v=1784909584995:155:40
    at Array.reduce (<anonymous>)
    at __webpack_require__.e (http://localhost:3000/_next/static/chunks/webpack.js?v=1784909584995:154:67)
    at fn.e (http://localhost:3000/_next/static/chunks/webpack.js?v=1784909584995:391:50)
    at loadChunk (webpack-internal:///(app-pages-browser)/./node_modules/.pnpm/next@14.2.35_@babel+core@7.28.5_@playwright+test@1.58.2_react-dom@18.2.0_react@18.2.0__react@18.2.0/node_modules/next/dist/compiled/react-server-dom-webpack/cjs/react-server-dom-webpack-client.browser.development.js:251:30)
    at preloadModule (webpack-internal:///(app-pages-browser)/./node_modules/.pnpm/next@14.2.35_@babel+core@7.28.5_@playwright+test@1.58.2_react-dom@18.2.0_react@18.2.0__react@18.2.0/node_modules/next/dist/compiled/react-server-dom-webpack/cjs/react-server-dom-webpack-client.browser.development.js:173:22)
    at resolveModule (webpack-internal:///(app-pages-browser)/./node_modules/.pnpm/next@14.2.35_@babel+core@7.28.5_@playwright+test@1.58.2_react-dom@18.2.0_react@18.2.0__react@18.2.0/node_modules/next/dist/compiled/react-server-dom-webpack/cjs/react-server-dom-webpack-client.browser.development.js:1819:17)
    at processFullRow (webpack-internal:///(app-pages-browser)/./node_modules/.pnpm/next@14.2.35_@babel+core@7.28.5_@playwright+test@1.58.2_react-dom@18.2.0_react@18.2.0__react@18.2.0/node_modules/next/dist/compiled/react-server-dom-webpack/cjs/react-server-dom-webpack-client.browser.development.js:1908:9)
    at processBinaryChunk (webpack-internal:///(app-pages-browser)/./node_modules/.pnpm/next@14.2.35_@babel+core@7.28.5_@playwright+test@1.58.2_react-dom@18.2.0_react@18.2.0__react@18.2.0/node_modules/next/dist/compiled/react-server-dom-webpack/cjs/react-server-dom-webpack-client.browser.development.js:2078:7)
[  122325ms] ChunkLoadError: Loading chunk app/layout failed.
(timeout: http://localhost:3000/_next/static/chunks/app/layout.js)
    at __webpack_require__.f.j (http://localhost:3000/_next/static/chunks/webpack.js?v=1784909584995:852:29)
    at http://localhost:3000/_next/static/chunks/webpack.js?v=1784909584995:155:40
    at Array.reduce (<anonymous>)
    at __webpack_require__.e (http://localhost:3000/_next/static/chunks/webpack.js?v=1784909584995:154:67)
    at fn.e (http://localhost:3000/_next/static/chunks/webpack.js?v=1784909584995:391:50)
    at loadChunk (webpack-internal:///(app-pages-browser)/./node_modules/.pnpm/next@14.2.35_@babel+core@7.28.5_@playwright+test@1.58.2_react-dom@18.2.0_react@18.2.0__react@18.2.0/node_modules/next/dist/compiled/react-server-dom-webpack/cjs/react-server-dom-webpack-client.browser.development.js:251:30)
    at preloadModule (webpack-internal:///(app-pages-browser)/./node_modules/.pnpm/next@14.2.35_@babel+core@7.28.5_@playwright+test@1.58.2_react-dom@18.2.0_react@18.2.0__react@18.2.0/node_modules/next/dist/compiled/react-server-dom-webpack/cjs/react-server-dom-webpack-client.browser.development.js:173:22)
    at resolveModule (webpack-internal:///(app-pages-browser)/./node_modules/.pnpm/next@14.2.35_@babel+core@7.28.5_@playwright+test@1.58.2_react-dom@18.2.0_react@18.2.0__react@18.2.0/node_modules/next/dist/compiled/react-server-dom-webpack/cjs/react-server-dom-webpack-client.browser.development.js:1819:17)
    at processFullRow (webpack-internal:///(app-pages-browser)/./node_modules/.pnpm/next@14.2.35_@babel+core@7.28.5_@playwright+test@1.58.2_react-dom@18.2.0_react@18.2.0__react@18.2.0/node_modules/next/dist/compiled/react-server-dom-webpack/cjs/react-server-dom-webpack-client.browser.development.js:1908:9)
    at processBinaryChunk (webpack-internal:///(app-pages-browser)/./node_modules/.pnpm/next@14.2.35_@babel+core@7.28.5_@playwright+test@1.58.2_react-dom@18.2.0_react@18.2.0__react@18.2.0/node_modules/next/dist/compiled/react-server-dom-webpack/cjs/react-server-dom-webpack-client.browser.development.js:2078:7)
[  122325ms] ChunkLoadError: Loading chunk app/layout failed.
(timeout: http://localhost:3000/_next/static/chunks/app/layout.js)
    at __webpack_require__.f.j (http://localhost:3000/_next/static/chunks/webpack.js?v=1784909584995:852:29)
    at http://localhost:3000/_next/static/chunks/webpack.js?v=1784909584995:155:40
    at Array.reduce (<anonymous>)
    at __webpack_require__.e (http://localhost:3000/_next/static/chunks/webpack.js?v=1784909584995:154:67)
    at fn.e (http://localhost:3000/_next/static/chunks/webpack.js?v=1784909584995:391:50)
    at loadChunk (webpack-internal:///(app-pages-browser)/./node_modules/.pnpm/next@14.2.35_@babel+core@7.28.5_@playwright+test@1.58.2_react-dom@18.2.0_react@18.2.0__react@18.2.0/node_modules/next/dist/compiled/react-server-dom-webpack/cjs/react-server-dom-webpack-client.browser.development.js:251:30)
    at preloadModule (webpack-internal:///(app-pages-browser)/./node_modules/.pnpm/next@14.2.35_@babel+core@7.28.5_@playwright+test@1.58.2_react-dom@18.2.0_react@18.2.0__react@18.2.0/node_modules/next/dist/compiled/react-server-dom-webpack/cjs/react-server-dom-webpack-client.browser.development.js:173:22)
    at resolveModule (webpack-internal:///(app-pages-browser)/./node_modules/.pnpm/next@14.2.35_@babel+core@7.28.5_@playwright+test@1.58.2_react-dom@18.2.0_react@18.2.0__react@18.2.0/node_modules/next/dist/compiled/react-server-dom-webpack/cjs/react-server-dom-webpack-client.browser.development.js:1819:17)
    at processFullRow (webpack-internal:///(app-pages-browser)/./node_modules/.pnpm/next@14.2.35_@babel+core@7.28.5_@playwright+test@1.58.2_react-dom@18.2.0_react@18.2.0__react@18.2.0/node_modules/next/dist/compiled/react-server-dom-webpack/cjs/react-server-dom-webpack-client.browser.development.js:1908:9)
    at processBinaryChunk (webpack-internal:///(app-pages-browser)/./node_modules/.pnpm/next@14.2.35_@babel+core@7.28.5_@playwright+test@1.58.2_react-dom@18.2.0_react@18.2.0__react@18.2.0/node_modules/next/dist/compiled/react-server-dom-webpack/cjs/react-server-dom-webpack-client.browser.development.js:2078:7)
[  122330ms] [ERROR] The above error occurred in the <NotFoundErrorBoundary> component:

    at Lazy
    at body
    at html
    at RootLayout (Server)
    at RedirectErrorBoundary (webpack-internal:///(app-pages-browser)/./node_modules/.pnpm/next@14.2.35_@babel+core@7.28.5_@playwright+test@1.58.2_react-dom@18.2.0_react@18.2.0__react@18.2.0/node_modules/next/dist/client/components/redirect-boundary.js:74:9)
    at RedirectBoundary (webpack-internal:///(app-pages-browser)/./node_modules/.pnpm/next@14.2.35_@babel+core@7.28.5_@playwright+test@1.58.2_react-dom@18.2.0_react@18.2.0__react@18.2.0/node_modules/next/dist/client/components/redirect-boundary.js:82:11)
    at NotFoundErrorBoundary (webpack-internal:///(app-pages-browser)/./node_modules/.pnpm/next@14.2.35_@babel+core@7.28.5_@playwright+test@1.58.2_react-dom@18.2.0_react@18.2.0__react@18.2.0/node_modules/next/dist/client/components/not-found-boundary.js:76:9)
    at NotFoundBoundary (webpack-internal:///(app-pages-browser)/./node_modules/.pnpm/next@14.2.35_@babel+core@7.28.5_@playwright+test@1.58.2_react-dom@18.2.0_react@18.2.0__react@18.2.0/node_modules/next/dist/client/components/not-found-boundary.js:84:11)
    at DevRootNotFoundBoundary (webpack-internal:///(app-pages-browser)/./node_modules/.pnpm/next@14.2.35_@babel+core@7.28.5_@playwright+test@1.58.2_react-dom@18.2.0_react@18.2.0__react@18.2.0/node_modules/next/dist/client/components/dev-root-not-found-boundary.js:33:11)
    at ReactDevOverlay (webpack-internal:///(app-pages-browser)/./node_modules/.pnpm/next@14.2.35_@babel+core@7.28.5_@playwright+test@1.58.2_react-dom@18.2.0_react@18.2.0__react@18.2.0/node_modules/next/dist/client/components/react-dev-overlay/app/ReactDevOverlay.js:87:9)
    at HotReload (webpack-internal:///(app-pages-browser)/./node_modules/.pnpm/next@14.2.35_@babel+core@7.28.5_@playwright+test@1.58.2_react-dom@18.2.0_react@18.2.0__react@18.2.0/node_modules/next/dist/client/components/react-dev-overlay/app/hot-reloader-client.js:321:11)
    at Router (webpack-internal:///(app-pages-browser)/./node_modules/.pnpm/next@14.2.35_@babel+core@7.28.5_@playwright+test@1.58.2_react-dom@18.2.0_react@18.2.0__react@18.2.0/node_modules/next/dist/client/components/app-router.js:207:11)
    at ErrorBoundaryHandler (webpack-internal:///(app-pages-browser)/./node_modules/.pnpm/next@14.2.35_@babel+core@7.28.5_@playwright+test@1.58.2_react-dom@18.2.0_react@18.2.0__react@18.2.0/node_modules/next/dist/client/components/error-boundary.js:113:9)
    at ErrorBoundary (webpack-internal:///(app-pages-browser)/./node_modules/.pnpm/next@14.2.35_@babel+core@7.28.5_@playwright+test@1.58.2_react-dom@18.2.0_react@18.2.0__react@18.2.0/node_modules/next/dist/client/components/error-boundary.js:160:11)
    at AppRouter (webpack-internal:///(app-pages-browser)/./node_modules/.pnpm/next@14.2.35_@babel+core@7.28.5_@playwright+test@1.58.2_react-dom@18.2.0_react@18.2.0__react@18.2.0/node_modules/next/dist/client/components/app-router.js:585:13)
    at ServerRoot (webpack-internal:///(app-pages-browser)/./node_modules/.pnpm/next@14.2.35_@babel+core@7.28.5_@playwright+test@1.58.2_react-dom@18.2.0_react@18.2.0__react@18.2.0/node_modules/next/dist/client/app-index.js:112:27)
    at Root (webpack-internal:///(app-pages-browser)/./node_modules/.pnpm/next@14.2.35_@babel+core@7.28.5_@playwright+test@1.58.2_react-dom@18.2.0_react@18.2.0__react@18.2.0/node_modules/next/dist/client/app-index.js:117:11)

React will try to recreate this component tree from scratch using the error boundary you provided, ReactDevOverlay. @ webpack-internal:///(app-pages-browser)/./node_modules/.pnpm/next@14.2.35_@babel+core@7.28.5_@playwright+test@1.58.2_react-dom@18.2.0_react@18.2.0__react@18.2.0/node_modules/next/dist/client/app-index.js:32
[  122333ms] Error: There was an error while hydrating. Because the error happened outside of a Suspense boundary, the entire root will switch to client rendering.
See more info here: https://nextjs.org/docs/messages/react-hydration-error
    at updateHostRoot (webpack-internal:///(app-pages-browser)/./node_modules/.pnpm/next@14.2.35_@babel+core@7.28.5_@playwright+test@1.58.2_react-dom@18.2.0_react@18.2.0__react@18.2.0/node_modules/next/dist/compiled/react-dom/cjs/react-dom.development.js:16571:57)
    at beginWork$1 (webpack-internal:///(app-pages-browser)/./node_modules/.pnpm/next@14.2.35_@babel+core@7.28.5_@playwright+test@1.58.2_react-dom@18.2.0_react@18.2.0__react@18.2.0/node_modules/next/dist/compiled/react-dom/cjs/react-dom.development.js:18486:14)
    at beginWork (webpack-internal:///(app-pages-browser)/./node_modules/.pnpm/next@14.2.35_@babel+core@7.28.5_@playwright+test@1.58.2_react-dom@18.2.0_react@18.2.0__react@18.2.0/node_modules/next/dist/compiled/react-dom/cjs/react-dom.development.js:26927:14)
    at performUnitOfWork (webpack-internal:///(app-pages-browser)/./node_modules/.pnpm/next@14.2.35_@babel+core@7.28.5_@playwright+test@1.58.2_react-dom@18.2.0_react@18.2.0__react@18.2.0/node_modules/next/dist/compiled/react-dom/cjs/react-dom.development.js:25748:12)
    at workLoopSync (webpack-internal:///(app-pages-browser)/./node_modules/.pnpm/next@14.2.35_@babel+core@7.28.5_@playwright+test@1.58.2_react-dom@18.2.0_react@18.2.0__react@18.2.0/node_modules/next/dist/compiled/react-dom/cjs/react-dom.development.js:25464:5)
    at renderRootSync (webpack-internal:///(app-pages-browser)/./node_modules/.pnpm/next@14.2.35_@babel+core@7.28.5_@playwright+test@1.58.2_react-dom@18.2.0_react@18.2.0__react@18.2.0/node_modules/next/dist/compiled/react-dom/cjs/react-dom.development.js:25419:7)
    at recoverFromConcurrentError (webpack-internal:///(app-pages-browser)/./node_modules/.pnpm/next@14.2.35_@babel+core@7.28.5_@playwright+test@1.58.2_react-dom@18.2.0_react@18.2.0__react@18.2.0/node_modules/next/dist/compiled/react-dom/cjs/react-dom.development.js:24597:20)
    at performConcurrentWorkOnRoot (webpack-internal:///(app-pages-browser)/./node_modules/.pnpm/next@14.2.35_@babel+core@7.28.5_@playwright+test@1.58.2_react-dom@18.2.0_react@18.2.0__react@18.2.0/node_modules/next/dist/compiled/react-dom/cjs/react-dom.development.js:24542:26)
    at workLoop (webpack-internal:///(app-pages-browser)/./node_modules/.pnpm/next@14.2.35_@babel+core@7.28.5_@playwright+test@1.58.2_react-dom@18.2.0_react@18.2.0__react@18.2.0/node_modules/next/dist/compiled/scheduler/cjs/scheduler.development.js:256:34)
    at flushWork (webpack-internal:///(app-pages-browser)/./node_modules/.pnpm/next@14.2.35_@babel+core@7.28.5_@playwright+test@1.58.2_react-dom@18.2.0_react@18.2.0__react@18.2.0/node_modules/next/dist/compiled/scheduler/cjs/scheduler.development.js:225:14)
    at MessagePort.performWorkUntilDeadline (webpack-internal:///(app-pages-browser)/./node_modules/.pnpm/next@14.2.35_@babel+core@7.28.5_@playwright+test@1.58.2_react-dom@18.2.0_react@18.2.0__react@18.2.0/node_modules/next/dist/compiled/scheduler/cjs/scheduler.development.js:534:21)
[  211917ms] [LOG] [Fast Refresh] rebuilding @ webpack-internal:///(app-pages-browser)/./node_modules/.pnpm/next@14.2.35_@babel+core@7.28.5_@playwright+test@1.58.2_react-dom@18.2.0_react@18.2.0__react@18.2.0/node_modules/next/dist/client/components/react-dev-overlay/app/hot-reloader-client.js:186
[  212184ms] [WARNING] [Fast Refresh] performing full reload because your application had an unrecoverable error @ webpack-internal:///(app-pages-browser)/./node_modules/.pnpm/next@14.2.35_@babel+core@7.28.5_@playwright+test@1.58.2_react-dom@18.2.0_react@18.2.0__react@18.2.0/node_modules/next/dist/client/components/react-dev-overlay/app/hot-reloader-client.js:114
[  212449ms] [INFO] %cDownload the React DevTools for a better development experience: https://reactjs.org/link/react-devtools font-weight:bold @ webpack-internal:///(app-pages-browser)/./node_modules/.pnpm/next@14.2.35_@babel+core@7.28.5_@playwright+test@1.58.2_react-dom@18.2.0_react@18.2.0__react@18.2.0/node_modules/next/dist/compiled/react-dom/cjs/react-dom.development.js:38559
[  212525ms] [LOG] %c[Vercel Web Analytics]%c Debug mode is enabled by default in development. No requests will be sent to the server. color: rgb(120, 120, 120) color: inherit @ https://va.vercel-scripts.com/v1/script.debug.js:0
[  212526ms] [LOG] %c[Vercel Web Analytics]%c [view] http://localhost:3000/login color: rgb(120, 120, 120) color: inherit {o: http://localhost:3000/login, sv: 0.1.3, sdkn: @vercel/analytics/react, sdkv: 1.6.1, ts: 1784909795897} /_vercel/insights/view @ https://va.vercel-scripts.com/v1/script.debug.js:0
[  212526ms] [LOG] %c[Vercel Speed Insights]%c Debug mode is enabled by default in development. No requests will be sent to the server. color: rgb(120, 120, 120) color: inherit @ https://va.vercel-scripts.com/v1/speed-insights/script.debug.js:0
[  216927ms] [LOG] [Fast Refresh] rebuilding @ webpack-internal:///(app-pages-browser)/./node_modules/.pnpm/next@14.2.35_@babel+core@7.28.5_@playwright+test@1.58.2_react-dom@18.2.0_react@18.2.0__react@18.2.0/node_modules/next/dist/client/components/react-dev-overlay/app/hot-reloader-client.js:186
[  217156ms] [LOG] [Fast Refresh] done in 229ms @ webpack-internal:///(app-pages-browser)/./node_modules/.pnpm/next@14.2.35_@babel+core@7.28.5_@playwright+test@1.58.2_react-dom@18.2.0_react@18.2.0__react@18.2.0/node_modules/next/dist/client/components/react-dev-overlay/app/hot-reloader-client.js:43
[  221936ms] [LOG] [Fast Refresh] rebuilding @ webpack-internal:///(app-pages-browser)/./node_modules/.pnpm/next@14.2.35_@babel+core@7.28.5_@playwright+test@1.58.2_react-dom@18.2.0_react@18.2.0__react@18.2.0/node_modules/next/dist/client/components/react-dev-overlay/app/hot-reloader-client.js:186
[  222021ms] [LOG] [Fast Refresh] done in 84ms @ webpack-internal:///(app-pages-browser)/./node_modules/.pnpm/next@14.2.35_@babel+core@7.28.5_@playwright+test@1.58.2_react-dom@18.2.0_react@18.2.0__react@18.2.0/node_modules/next/dist/client/components/react-dev-overlay/app/hot-reloader-client.js:43
[  226947ms] [LOG] [Fast Refresh] rebuilding @ webpack-internal:///(app-pages-browser)/./node_modules/.pnpm/next@14.2.35_@babel+core@7.28.5_@playwright+test@1.58.2_react-dom@18.2.0_react@18.2.0__react@18.2.0/node_modules/next/dist/client/components/react-dev-overlay/app/hot-reloader-client.js:186
[  227023ms] [LOG] [Fast Refresh] done in 76ms @ webpack-internal:///(app-pages-browser)/./node_modules/.pnpm/next@14.2.35_@babel+core@7.28.5_@playwright+test@1.58.2_react-dom@18.2.0_react@18.2.0__react@18.2.0/node_modules/next/dist/client/components/react-dev-overlay/app/hot-reloader-client.js:43
[  231955ms] [LOG] [Fast Refresh] rebuilding @ webpack-internal:///(app-pages-browser)/./node_modules/.pnpm/next@14.2.35_@babel+core@7.28.5_@playwright+test@1.58.2_react-dom@18.2.0_react@18.2.0__react@18.2.0/node_modules/next/dist/client/components/react-dev-overlay/app/hot-reloader-client.js:186
[  232036ms] [LOG] [Fast Refresh] done in 81ms @ webpack-internal:///(app-pages-browser)/./node_modules/.pnpm/next@14.2.35_@babel+core@7.28.5_@playwright+test@1.58.2_react-dom@18.2.0_react@18.2.0__react@18.2.0/node_modules/next/dist/client/components/react-dev-overlay/app/hot-reloader-client.js:43
[  236964ms] [LOG] [Fast Refresh] rebuilding @ webpack-internal:///(app-pages-browser)/./node_modules/.pnpm/next@14.2.35_@babel+core@7.28.5_@playwright+test@1.58.2_react-dom@18.2.0_react@18.2.0__react@18.2.0/node_modules/next/dist/client/components/react-dev-overlay/app/hot-reloader-client.js:186
[  237088ms] [LOG] [Fast Refresh] done in 125ms @ webpack-internal:///(app-pages-browser)/./node_modules/.pnpm/next@14.2.35_@babel+core@7.28.5_@playwright+test@1.58.2_react-dom@18.2.0_react@18.2.0__react@18.2.0/node_modules/next/dist/client/components/react-dev-overlay/app/hot-reloader-client.js:43
[  241972ms] [LOG] [Fast Refresh] rebuilding @ webpack-internal:///(app-pages-browser)/./node_modules/.pnpm/next@14.2.35_@babel+core@7.28.5_@playwright+test@1.58.2_react-dom@18.2.0_react@18.2.0__react@18.2.0/node_modules/next/dist/client/components/react-dev-overlay/app/hot-reloader-client.js:186
[  242064ms] [LOG] [Fast Refresh] done in 92ms @ webpack-internal:///(app-pages-browser)/./node_modules/.pnpm/next@14.2.35_@babel+core@7.28.5_@playwright+test@1.58.2_react-dom@18.2.0_react@18.2.0__react@18.2.0/node_modules/next/dist/client/components/react-dev-overlay/app/hot-reloader-client.js:43
[  246983ms] [LOG] [Fast Refresh] rebuilding @ webpack-internal:///(app-pages-browser)/./node_modules/.pnpm/next@14.2.35_@babel+core@7.28.5_@playwright+test@1.58.2_react-dom@18.2.0_react@18.2.0__react@18.2.0/node_modules/next/dist/client/components/react-dev-overlay/app/hot-reloader-client.js:186
[  247428ms] [LOG] [Fast Refresh] done in 445ms @ webpack-internal:///(app-pages-browser)/./node_modules/.pnpm/next@14.2.35_@babel+core@7.28.5_@playwright+test@1.58.2_react-dom@18.2.0_react@18.2.0__react@18.2.0/node_modules/next/dist/client/components/react-dev-overlay/app/hot-reloader-client.js:43
[  251990ms] [LOG] [Fast Refresh] rebuilding @ webpack-internal:///(app-pages-browser)/./node_modules/.pnpm/next@14.2.35_@babel+core@7.28.5_@playwright+test@1.58.2_react-dom@18.2.0_react@18.2.0__react@18.2.0/node_modules/next/dist/client/components/react-dev-overlay/app/hot-reloader-client.js:186
[  252060ms] [LOG] [Fast Refresh] done in 69ms @ webpack-internal:///(app-pages-browser)/./node_modules/.pnpm/next@14.2.35_@babel+core@7.28.5_@playwright+test@1.58.2_react-dom@18.2.0_react@18.2.0__react@18.2.0/node_modules/next/dist/client/components/react-dev-overlay/app/hot-reloader-client.js:43
[  256999ms] [LOG] [Fast Refresh] rebuilding @ webpack-internal:///(app-pages-browser)/./node_modules/.pnpm/next@14.2.35_@babel+core@7.28.5_@playwright+test@1.58.2_react-dom@18.2.0_react@18.2.0__react@18.2.0/node_modules/next/dist/client/components/react-dev-overlay/app/hot-reloader-client.js:186
[  257090ms] [LOG] [Fast Refresh] done in 92ms @ webpack-internal:///(app-pages-browser)/./node_modules/.pnpm/next@14.2.35_@babel+core@7.28.5_@playwright+test@1.58.2_react-dom@18.2.0_react@18.2.0__react@18.2.0/node_modules/next/dist/client/components/react-dev-overlay/app/hot-reloader-client.js:43
[  262008ms] [LOG] [Fast Refresh] rebuilding @ webpack-internal:///(app-pages-browser)/./node_modules/.pnpm/next@14.2.35_@babel+core@7.28.5_@playwright+test@1.58.2_react-dom@18.2.0_react@18.2.0__react@18.2.0/node_modules/next/dist/client/components/react-dev-overlay/app/hot-reloader-client.js:186
[  262102ms] [LOG] [Fast Refresh] done in 93ms @ webpack-internal:///(app-pages-browser)/./node_modules/.pnpm/next@14.2.35_@babel+core@7.28.5_@playwright+test@1.58.2_react-dom@18.2.0_react@18.2.0__react@18.2.0/node_modules/next/dist/client/components/react-dev-overlay/app/hot-reloader-client.js:43
[  267017ms] [LOG] [Fast Refresh] rebuilding @ webpack-internal:///(app-pages-browser)/./node_modules/.pnpm/next@14.2.35_@babel+core@7.28.5_@playwright+test@1.58.2_react-dom@18.2.0_react@18.2.0__react@18.2.0/node_modules/next/dist/client/components/react-dev-overlay/app/hot-reloader-client.js:186
[  267100ms] [LOG] [Fast Refresh] done in 82ms @ webpack-internal:///(app-pages-browser)/./node_modules/.pnpm/next@14.2.35_@babel+core@7.28.5_@playwright+test@1.58.2_react-dom@18.2.0_react@18.2.0__react@18.2.0/node_modules/next/dist/client/components/react-dev-overlay/app/hot-reloader-client.js:43
[  282043ms] [LOG] [Fast Refresh] rebuilding @ webpack-internal:///(app-pages-browser)/./node_modules/.pnpm/next@14.2.35_@babel+core@7.28.5_@playwright+test@1.58.2_react-dom@18.2.0_react@18.2.0__react@18.2.0/node_modules/next/dist/client/components/react-dev-overlay/app/hot-reloader-client.js:186
[  282193ms] [LOG] [Fast Refresh] done in 151ms @ webpack-internal:///(app-pages-browser)/./node_modules/.pnpm/next@14.2.35_@babel+core@7.28.5_@playwright+test@1.58.2_react-dom@18.2.0_react@18.2.0__react@18.2.0/node_modules/next/dist/client/components/react-dev-overlay/app/hot-reloader-client.js:43
[  287053ms] [LOG] [Fast Refresh] rebuilding @ webpack-internal:///(app-pages-browser)/./node_modules/.pnpm/next@14.2.35_@babel+core@7.28.5_@playwright+test@1.58.2_react-dom@18.2.0_react@18.2.0__react@18.2.0/node_modules/next/dist/client/components/react-dev-overlay/app/hot-reloader-client.js:186
[  287160ms] [LOG] [Fast Refresh] done in 108ms @ webpack-internal:///(app-pages-browser)/./node_modules/.pnpm/next@14.2.35_@babel+core@7.28.5_@playwright+test@1.58.2_react-dom@18.2.0_react@18.2.0__react@18.2.0/node_modules/next/dist/client/components/react-dev-overlay/app/hot-reloader-client.js:43
[  292060ms] [LOG] [Fast Refresh] rebuilding @ webpack-internal:///(app-pages-browser)/./node_modules/.pnpm/next@14.2.35_@babel+core@7.28.5_@playwright+test@1.58.2_react-dom@18.2.0_react@18.2.0__react@18.2.0/node_modules/next/dist/client/components/react-dev-overlay/app/hot-reloader-client.js:186
[  292128ms] [LOG] [Fast Refresh] done in 67ms @ webpack-internal:///(app-pages-browser)/./node_modules/.pnpm/next@14.2.35_@babel+core@7.28.5_@playwright+test@1.58.2_react-dom@18.2.0_react@18.2.0__react@18.2.0/node_modules/next/dist/client/components/react-dev-overlay/app/hot-reloader-client.js:43
[  302078ms] [LOG] [Fast Refresh] rebuilding @ webpack-internal:///(app-pages-browser)/./node_modules/.pnpm/next@14.2.35_@babel+core@7.28.5_@playwright+test@1.58.2_react-dom@18.2.0_react@18.2.0__react@18.2.0/node_modules/next/dist/client/components/react-dev-overlay/app/hot-reloader-client.js:186
[  302194ms] [LOG] [Fast Refresh] done in 115ms @ webpack-internal:///(app-pages-browser)/./node_modules/.pnpm/next@14.2.35_@babel+core@7.28.5_@playwright+test@1.58.2_react-dom@18.2.0_react@18.2.0__react@18.2.0/node_modules/next/dist/client/components/react-dev-overlay/app/hot-reloader-client.js:43
[  317082ms] [LOG] [Fast Refresh] rebuilding @ webpack-internal:///(app-pages-browser)/./node_modules/.pnpm/next@14.2.35_@babel+core@7.28.5_@playwright+test@1.58.2_react-dom@18.2.0_react@18.2.0__react@18.2.0/node_modules/next/dist/client/components/react-dev-overlay/app/hot-reloader-client.js:186
[  317217ms] [LOG] [Fast Refresh] rebuilding @ webpack-internal:///(app-pages-browser)/./node_modules/.pnpm/next@14.2.35_@babel+core@7.28.5_@playwright+test@1.58.2_react-dom@18.2.0_react@18.2.0__react@18.2.0/node_modules/next/dist/client/components/react-dev-overlay/app/hot-reloader-client.js:186
[  317223ms] [WARNING] [Fast Refresh] performing full reload

Fast Refresh will perform a full reload when you edit a file that's imported by modules outside of the React rendering tree.
You might have a file which exports a React component but also exports a value that is imported by a non-React component file.
Consider migrating the non-React component export to a separate file and importing it into both files.

It is also possible the parent component of the component you edited is a class component, which disables Fast Refresh.
Fast Refresh requires at least one parent function component in your React tree. @ webpack-internal:///(app-pages-browser)/./node_modules/.pnpm/next@14.2.35_@babel+core@7.28.5_@playwright+test@1.58.2_react-dom@18.2.0_react@18.2.0__react@18.2.0/node_modules/next/dist/client/components/react-dev-overlay/app/hot-reloader-client.js:112
[  317531ms] [INFO] %cDownload the React DevTools for a better development experience: https://reactjs.org/link/react-devtools font-weight:bold @ webpack-internal:///(app-pages-browser)/./node_modules/.pnpm/next@14.2.35_@babel+core@7.28.5_@playwright+test@1.58.2_react-dom@18.2.0_react@18.2.0__react@18.2.0/node_modules/next/dist/compiled/react-dom/cjs/react-dom.development.js:38559
[  317566ms] [LOG] %c[Vercel Web Analytics]%c Debug mode is enabled by default in development. No requests will be sent to the server. color: rgb(120, 120, 120) color: inherit @ https://va.vercel-scripts.com/v1/script.debug.js:0
[  317567ms] [LOG] %c[Vercel Web Analytics]%c [view] http://localhost:3000/login color: rgb(120, 120, 120) color: inherit {o: http://localhost:3000/login, sv: 0.1.3, sdkn: @vercel/analytics/react, sdkv: 1.6.1, ts: 1784909900938} /_vercel/insights/view @ https://va.vercel-scripts.com/v1/script.debug.js:0
[  317573ms] [LOG] %c[Vercel Speed Insights]%c Debug mode is enabled by default in development. No requests will be sent to the server. color: rgb(120, 120, 120) color: inherit @ https://va.vercel-scripts.com/v1/speed-insights/script.debug.js:0
